// Jest Snapshot v1, https://goo.gl/fbAQLP

exports[`should lint correctly for camel-case-local-functions 1`] = `
"[33mwarning[39m: [1mlocal function names should be camelCase[22m [2m(camel-case-local-functions)[22m at [32mcamel-case-local-functions.fixture:4:1[39m:
  2 | function shouldPass() {}
  3 | 
> 4 | ShouldFail();
    | ^
  5 | shouldPass();
  6 | 
  7 | ShouldFail();


[33mwarning[39m: [1mlocal function names should be camelCase[22m [2m(camel-case-local-functions)[22m at [32mcamel-case-local-functions.fixture:7:1[39m:
  5 | shouldPass();
  6 | 
> 7 | ShouldFail();
    | ^


[31m[1m2 errors found.[22m[39m"
`;
