// Jest Snapshot v1, https://goo.gl/fbAQLP

exports[`invalid cases 1`] = `
"
function ShouldFail() {}

function lalala() {
    ShouldFail()
    ~~~~~~~~~~   [1]
}

ShouldFail()
~~~~~~~~~~   [1]


[1] local function names should be camelCase"
`;

exports[`should ignore .tsx files 1`] = `
"
function ShouldPass() {}

ShouldPass()
"
`;

exports[`valid cases 1`] = `
"
function shouldPass() {}

shouldPass()

"
`;
